<html>
<body>
<pre>
<h1>µVision Build Log</h1>
<h2>Tool Versions:</h2>
IDE-Version: µVision V5.27.1.0
Copyright (C) 2019 ARM Ltd and ARM Germany GmbH. All rights reserved.
License Information: RIP RIP, RIP, LIC=EPP56-DE4PI-D0IN3-AHDA2-AGN9Z-V27WH
 
Tool Versions:
Toolchain:       MDK-ARM Professional  Version: 5.27.1.0
Toolchain Path:  C:\Keil_v5\ARM\ARMCC\Bin
C Compiler:      Armcc.exe V5.06 update 6 (build 750)
Assembler:       Armasm.exe V5.06 update 6 (build 750)
Linker/Locator:  ArmLink.exe V5.06 update 6 (build 750)
Library Manager: ArmAr.exe V5.06 update 6 (build 750)
Hex Converter:   FromElf.exe V5.06 update 6 (build 750)
CPU DLL:         SARMCM3.DLL V5.27.1.0
Dialog DLL:      DCM.DLL V1.17.2.0
Target DLL:      STLink\ST-LINKIII-KEIL_SWO.dll V3.0.6.0
Dialog DLL:      TCM.DLL V1.36.1.0
 
<h2>Project:</h2>
C:\Project\Test_Project_1\MDK-ARM\Test_Project_1.uvprojx
Project File Date:  01/29/2020

<h2>Output:</h2>
*** Using Compiler 'V5.06 update 6 (build 750)', folder: 'C:\Keil_v5\ARM\ARMCC\Bin'
Build target 'Test_Project_1'
compiling main.c...
../Src/main.c(192): warning:  #188-D: enumerated type mixed with another type
  		HAL_GPIO_WritePin(GPIOE, GPIO_PIN_13, 0);
../Src/main.c(587): warning:  #188-D: enumerated type mixed with another type
  				HAL_GPIO_WritePin(GPIOE,GPIO_PIN_15, 1);
../Src/main.c(588): warning:  #188-D: enumerated type mixed with another type
  				HAL_GPIO_WritePin(GPIOE,GPIO_PIN_14, 0);
../Src/main.c(591): warning:  #188-D: enumerated type mixed with another type
  			HAL_GPIO_WritePin(GPIOE,GPIO_PIN_15, 0);
../Src/main.c(592): warning:  #188-D: enumerated type mixed with another type
  			HAL_GPIO_WritePin(GPIOE,GPIO_PIN_14, 1);
../Src/main.c(619): warning:  #188-D: enumerated type mixed with another type
  				HAL_GPIO_WritePin(GPIOE, GPIO_PIN_9, 0);//dir y
../Src/main.c(620): warning:  #188-D: enumerated type mixed with another type
  				HAL_GPIO_WritePin(GPIOE, GPIO_PIN_11,1);	//dir x
../Src/main.c(623): warning:  #188-D: enumerated type mixed with another type
  					HAL_GPIO_WritePin(GPIOE, GPIO_PIN_8, 1);
../Src/main.c(624): warning:  #188-D: enumerated type mixed with another type
  					HAL_GPIO_WritePin(GPIOE, GPIO_PIN_10, 1);
../Src/main.c(627): warning:  #188-D: enumerated type mixed with another type
  					HAL_GPIO_WritePin(GPIOE, GPIO_PIN_10, 0);
../Src/main.c(628): warning:  #188-D: enumerated type mixed with another type
  					HAL_GPIO_WritePin(GPIOE, GPIO_PIN_8, 0);
../Src/main.c(658): warning:  #188-D: enumerated type mixed with another type
  				HAL_GPIO_WritePin(GPIOE, GPIO_PIN_9, 1);//dir y
../Src/main.c(659): warning:  #188-D: enumerated type mixed with another type
  				HAL_GPIO_WritePin(GPIOE, GPIO_PIN_11,0);	//dir x
../Src/main.c(662): warning:  #188-D: enumerated type mixed with another type
  					HAL_GPIO_WritePin(GPIOE, GPIO_PIN_8, 1);
../Src/main.c(663): warning:  #188-D: enumerated type mixed with another type
  					HAL_GPIO_WritePin(GPIOE, GPIO_PIN_10, 1);
../Src/main.c(666): warning:  #188-D: enumerated type mixed with another type
  					HAL_GPIO_WritePin(GPIOE, GPIO_PIN_10, 0);
../Src/main.c(667): warning:  #188-D: enumerated type mixed with another type
  					HAL_GPIO_WritePin(GPIOE, GPIO_PIN_8, 0);
../Src/main.c(697): warning:  #188-D: enumerated type mixed with another type
  				HAL_GPIO_WritePin(GPIOE, GPIO_PIN_11,1);	//dir x
../Src/main.c(701): warning:  #188-D: enumerated type mixed with another type
  					HAL_GPIO_WritePin(GPIOE, GPIO_PIN_10, 1);
../Src/main.c(703): warning:  #188-D: enumerated type mixed with another type
  					HAL_GPIO_WritePin(GPIOE, GPIO_PIN_10, 0);
../Src/main.c(734): warning:  #188-D: enumerated type mixed with another type
  				HAL_GPIO_WritePin(GPIOE, GPIO_PIN_9, 1);//dir y
../Src/main.c(739): warning:  #188-D: enumerated type mixed with another type
  					HAL_GPIO_WritePin(GPIOE, GPIO_PIN_8, 1);
../Src/main.c(743): warning:  #188-D: enumerated type mixed with another type
  					HAL_GPIO_WritePin(GPIOE, GPIO_PIN_8, 0);
../Src/main.c(777): warning:  #188-D: enumerated type mixed with another type
  				HAL_GPIO_WritePin(GPIOE, GPIO_PIN_11,0);	//dir x
../Src/main.c(781): warning:  #188-D: enumerated type mixed with another type
  						HAL_GPIO_WritePin(GPIOE, GPIO_PIN_10, 1);
../Src/main.c(783): warning:  #188-D: enumerated type mixed with another type
  						HAL_GPIO_WritePin(GPIOE, GPIO_PIN_10, 0);
../Src/main.c(812): warning:  #188-D: enumerated type mixed with another type
  				HAL_GPIO_WritePin(GPIOE, GPIO_PIN_9, 0);//dir y
../Src/main.c(817): warning:  #188-D: enumerated type mixed with another type
  					HAL_GPIO_WritePin(GPIOE, GPIO_PIN_8, 1);
../Src/main.c(821): warning:  #188-D: enumerated type mixed with another type
  					HAL_GPIO_WritePin(GPIOE, GPIO_PIN_8, 0);
../Src/main.c: 29 warnings, 0 errors
linking...
Program Size: Code=11016 RO-data=752 RW-data=148 ZI-data=9412  
FromELF: creating hex file...
"Test_Project_1\Test_Project_1.axf" - 0 Error(s), 29 Warning(s).

<h2>Software Packages used:</h2>

Package Vendor: ARM
                http://www.keil.com/pack/ARM.CMSIS.5.5.1.pack
                ARM.CMSIS.5.5.1
                CMSIS (Cortex Microcontroller Software Interface Standard)
   * Component: CORE Version: 5.2.0

Package Vendor: Keil
                http://www.keil.com/pack/Keil.STM32F3xx_DFP.2.1.0.pack
                Keil.STM32F3xx_DFP.2.1.0
                STMicroelectronics STM32F3 Series Device Support and Examples

<h2>Collection of Component include folders:</h2>
  .\RTE\_Test_Project_1
  C:\Users\RIP\AppData\Local\Arm\Packs\ARM\CMSIS\5.5.1\CMSIS\Core\Include
  C:\Users\RIP\AppData\Local\Arm\Packs\Keil\STM32F3xx_DFP\2.1.0\Drivers\CMSIS\Device\ST\STM32F3xx\Include

<h2>Collection of Component Files used:</h2>

   * Component: ARM::CMSIS:CORE:5.2.0
Build Time Elapsed:  00:00:02
</pre>
</body>
</html>
